{
    "Should run InterProScan using Mock files": {
        "content": [
            [
                "versions.yml:md5,adef3eb3f58b500fe7b9375cb9b24247"
            ]
        ],
        "timestamp": "2026-08-28T11:03:32.256455739",
        "meta": {
            "nf-test": "0.9.5",
            "nextflow": "26.04.6"
        }
    },
    "Should detect NB-ARC/LRR domains on a real RGA sequence": {
        "content": [
            [
                "versions.yml:md5,adef3eb3f58b500fe7b9375cb9b24247"
            ]
        ],
        "timestamp": "2026-08-28T11:08:48.057299246",
        "meta": {
            "nf-test": "0.9.5",
            "nextflow": "26.04.6"
        }
    }
}