{
    "Should remove duplicates, replace invalid characters with X, and split into chunks": {
        "content": [
            {
                "0": [
                    [
                        {
                            "id": "teste_qc",
                            "single_end": false
                        },
                        "teste_qc_clean.fasta:md5,0e867e0419156833a4ccb228b36fe88c"
                    ]
                ],
                "1": [
                    [
                        {
                            "id": "teste_qc",
                            "single_end": false
                        },
                        [
                            "teste_qc_clean.part_001.fasta.fasta:md5,8b60dd48f29e6741fa0ce8e62e67e284",
                            "teste_qc_clean.part_002.fasta.fasta:md5,e0801dbcea13a8732fcef55fa37f4eb6"
                        ]
                    ]
                ],
                "2": [
                    "versions.yml:md5,cd460e9c2087aa02880a0362898682df"
                ],
                "chunks": [
                    [
                        {
                            "id": "teste_qc",
                            "single_end": false
                        },
                        [
                            "teste_qc_clean.part_001.fasta.fasta:md5,8b60dd48f29e6741fa0ce8e62e67e284",
                            "teste_qc_clean.part_002.fasta.fasta:md5,e0801dbcea13a8732fcef55fa37f4eb6"
                        ]
                    ]
                ],
                "fasta": [
                    [
                        {
                            "id": "teste_qc",
                            "single_end": false
                        },
                        "teste_qc_clean.fasta:md5,0e867e0419156833a4ccb228b36fe88c"
                    ]
                ],
                "versions": [
                    "versions.yml:md5,cd460e9c2087aa02880a0362898682df"
                ]
            }
        ],
        "timestamp": "2026-08-28T14:49:05.669088286",
        "meta": {
            "nf-test": "0.9.5",
            "nextflow": "26.04.6"
        }
    }
}